2026-09-16 22:54:28 看门狗启动：idle=180s poll=15s check=600s cooldown=240s dry=False
2026-09-16 22:54:28 窗口：service=:1.73 session=/Sessions/1
2026-09-16 22:56:19 首次验收：verdict=REJECTED open=686
2026-09-16 22:58:12 看门狗启动：idle=30s poll=5s check=600s cooldown=60s dry=False
2026-09-16 22:58:12 窗口：service=:1.73 session=/Sessions/1
2026-09-16 22:59:33 首次验收：verdict=REJECTED open=686
2026-09-16 22:59:38 检测到停止 79s（open=686），注入第 1 次
2026-09-16 23:08:46 看门狗启动：idle=60s poll=5s check=600s cooldown=60s dry=False
2026-09-16 23:08:46 窗口：service=:1.73 session=/Sessions/1
2026-09-16 23:10:08 首次验收：verdict=REJECTED open=686
2026-09-16 23:10:13 检测到停止 79s（open=686），注入第 1 次
2026-09-16 23:10:13 sendText 失败 rc=1 Error org.freedesktop.DBus.Error.AccessDenied: Security sensitive DBus API is disabled in the settings.
2026-09-16 23:10:18 检测到停止 84s（open=686），注入第 1 次
2026-09-16 23:10:18 sendText 失败 rc=1 Error org.freedesktop.DBus.Error.AccessDenied: Security sensitive DBus API is disabled in the settings.
2026-09-16 23:10:23 检测到停止 89s（open=686），注入第 1 次
2026-09-16 23:10:23 sendText 失败 rc=1 Error org.freedesktop.DBus.Error.AccessDenied: Security sensitive DBus API is disabled in the settings.
2026-09-16 23:10:28 检测到停止 94s（open=686），注入第 1 次
2026-09-16 23:10:28 sendText 失败 rc=1 Error org.freedesktop.DBus.Error.AccessDenied: Security sensitive DBus API is disabled in the settings.
2026-09-16 23:10:33 检测到停止 99s（open=686），注入第 1 次
2026-09-16 23:10:33 sendText 失败 rc=1 Error org.freedesktop.DBus.Error.AccessDenied: Security sensitive DBus API is disabled in the settings.
2026-09-16 23:10:38 检测到停止 104s（open=686），注入第 1 次
2026-09-16 23:10:38 sendText 失败 rc=1 Error org.freedesktop.DBus.Error.AccessDenied: Security sensitive DBus API is disabled in the settings.
2026-09-16 23:10:43 检测到停止 109s（open=686），注入第 1 次
2026-09-16 23:10:43 sendText 失败 rc=1 Error org.freedesktop.DBus.Error.AccessDenied: Security sensitive DBus API is disabled in the settings.
2026-09-16 23:10:48 检测到停止 114s（open=686），注入第 1 次
2026-09-16 23:10:48 sendText 失败 rc=1 Error org.freedesktop.DBus.Error.AccessDenied: Security sensitive DBus API is disabled in the settings.
2026-09-16 23:10:53 检测到停止 119s（open=686），注入第 1 次
2026-09-16 23:10:53 sendText 失败 rc=1 Error org.freedesktop.DBus.Error.AccessDenied: Security sensitive DBus API is disabled in the settings.
2026-09-16 23:10:58 检测到停止 124s（open=686），注入第 1 次
2026-09-16 23:10:58 sendText 失败 rc=1 Error org.freedesktop.DBus.Error.AccessDenied: Security sensitive DBus API is disabled in the settings.
2026-09-16 23:11:03 检测到停止 129s（open=686），注入第 1 次
2026-09-16 23:11:03 sendText 失败 rc=1 Error org.freedesktop.DBus.Error.AccessDenied: Security sensitive DBus API is disabled in the settings.
2026-09-16 23:11:08 检测到停止 134s（open=686），注入第 1 次
2026-09-16 23:11:08 sendText 失败 rc=1 Error org.freedesktop.DBus.Error.AccessDenied: Security sensitive DBus API is disabled in the settings.
2026-09-16 23:11:13 检测到停止 139s（open=686），注入第 1 次
2026-09-16 23:11:13 sendText 失败 rc=1 Error org.freedesktop.DBus.Error.AccessDenied: Security sensitive DBus API is disabled in the settings.
2026-09-16 23:11:18 检测到停止 144s（open=686），注入第 1 次
2026-09-16 23:11:18 sendText 失败 rc=1 Error org.freedesktop.DBus.Error.AccessDenied: Security sensitive DBus API is disabled in the settings.
2026-09-16 23:11:23 检测到停止 149s（open=686），注入第 1 次
2026-09-16 23:11:23 sendText 失败 rc=1 Error org.freedesktop.DBus.Error.AccessDenied: Security sensitive DBus API is disabled in the settings.
2026-09-16 23:11:28 检测到停止 154s（open=686），注入第 1 次
2026-09-16 23:11:28 sendText 失败 rc=1 Error org.freedesktop.DBus.Error.AccessDenied: Security sensitive DBus API is disabled in the settings.
2026-09-16 23:11:33 检测到停止 159s（open=686），注入第 1 次
2026-09-16 23:11:33 sendText 失败 rc=1 Error org.freedesktop.DBus.Error.AccessDenied: Security sensitive DBus API is disabled in the settings.
2026-09-16 23:11:38 检测到停止 164s（open=686），注入第 1 次
2026-09-16 23:11:38 sendText 失败 rc=1 Error org.freedesktop.DBus.Error.AccessDenied: Security sensitive DBus API is disabled in the settings.
2026-09-16 23:11:43 检测到停止 169s（open=686），注入第 1 次
2026-09-16 23:11:43 sendText 失败 rc=1 Error org.freedesktop.DBus.Error.AccessDenied: Security sensitive DBus API is disabled in the settings.
2026-09-16 23:11:48 检测到停止 174s（open=686），注入第 1 次
2026-09-16 23:11:48 sendText 失败 rc=1 Error org.freedesktop.DBus.Error.AccessDenied: Security sensitive DBus API is disabled in the settings.
2026-09-16 23:11:53 检测到停止 179s（open=686），注入第 1 次
2026-09-16 23:11:53 sendText 失败 rc=1 Error org.freedesktop.DBus.Error.AccessDenied: Security sensitive DBus API is disabled in the settings.
2026-09-16 23:11:58 检测到停止 184s（open=686），注入第 1 次
2026-09-16 23:11:58 sendText 失败 rc=1 Error org.freedesktop.DBus.Error.AccessDenied: Security sensitive DBus API is disabled in the settings.
2026-09-16 23:12:03 检测到停止 189s（open=686），注入第 1 次
2026-09-16 23:15:28 检测到停止 61s（open=686），注入第 2 次
2026-09-16 23:17:59 检测到停止 63s（open=686），注入第 3 次
2026-09-16 23:19:39 检测到停止 63s（open=686），注入第 4 次
2026-09-16 23:22:01 周期验收：verdict=REJECTED open=592
2026-09-16 23:22:06 检测到停止 84s（open=592），注入第 5 次
2026-09-16 23:25:17 检测到停止 61s（open=592），注入第 6 次
2026-09-16 23:32:00 周期验收：verdict=REJECTED open=526
2026-09-16 23:33:00 检测到停止 63s（open=526），注入第 7 次
2026-09-16 23:35:45 检测到停止 64s（open=526），注入第 8 次
2026-09-16 23:39:45 检测到停止 63s（open=526），注入第 9 次
2026-09-16 23:42:50 周期验收：verdict=REJECTED open=396
2026-09-16 23:42:55 检测到停止 118s（open=396），注入第 10 次
2026-09-16 23:47:40 检测到停止 61s（open=396），注入第 11 次
2026-09-16 23:48:46 检测到停止 64s（open=396），注入第 12 次
2026-09-16 23:52:45 周期验收：verdict=REJECTED open=324
2026-09-16 23:52:50 检测到停止 86s（open=324），注入第 13 次
2026-09-16 23:57:06 检测到停止 62s（open=324），注入第 14 次
2026-09-16 23:58:11 检测到停止 64s（open=324），注入第 15 次
2026-09-17 00:03:01 周期验收：verdict=REJECTED open=250
2026-09-17 00:04:01 检测到停止 61s（open=250），注入第 16 次
2026-09-17 00:05:06 检测到停止 64s（open=250），注入第 17 次
2026-09-17 00:08:36 检测到停止 62s（open=250），注入第 18 次
2026-09-17 00:09:41 检测到停止 64s（open=250），注入第 19 次
2026-09-17 00:13:20 周期验收：verdict=REJECTED open=149
2026-09-17 00:13:25 检测到停止 165s（open=149），注入第 20 次
2026-09-17 00:19:45 检测到停止 61s（open=149），注入第 21 次
2026-09-17 00:23:28 周期验收：verdict=REJECTED open=36
2026-09-17 00:24:33 检测到停止 63s（open=36），注入第 22 次
2026-09-17 00:27:18 检测到停止 60s（open=36），注入第 23 次
2026-09-17 00:33:24 周期验收：verdict=REJECTED open=36
2026-09-17 00:33:29 检测到停止 197s（open=36），注入第 24 次
2026-09-17 00:38:24 检测到停止 62s（open=36），注入第 25 次
2026-09-17 00:39:29 检测到停止 64s（open=36），注入第 26 次
2026-09-17 00:43:55 周期验收：verdict=REJECTED open=19
2026-09-17 00:47:20 检测到停止 63s（open=19），注入第 27 次
2026-09-17 00:48:25 检测到停止 64s（open=19），注入第 28 次
2026-09-17 00:53:33 周期验收：verdict=ACCEPTED open=0
2026-09-17 00:53:33 完成：ACCEPTED
